arrEmptyTest:
0
arrSimpleTest:
3
1
2
3
arrStrTest:
3
aa
bb
cc
arr2dTest:
11
12
21
22
arr2dInsertEmptyTest:
2
arrStructTest:
0.11
0.12
0.21
0.22
