funcEmpty:
funcResult:
-1
funcParamA:
1
funcParamABC:
1
2
3
funcParamABCResult:
1
2
3
-1
funcStrResult:
string
funcStruct:
1.1
2.2
