N=4 solution #1
|_|Q|_|_|
|_|_|_|Q|
|Q|_|_|_|
|_|_|Q|_|

N=4 solution #2
|_|_|Q|_|
|Q|_|_|_|
|_|_|_|Q|
|_|Q|_|_|

